[www.hospitalitynet.org/index.html]
[backblue.gif]
[fade.gif]
[index.html]
[www.hospitalitynet.org/favicon.svg]
[www.hospitalitynet.org/favicon.ico]
[www.hospitalitynet.org/mask-icon.svg]
[www.hospitalitynet.org/apple-touch-icon.png]
[www.hospitalitynet.org/safari-pinned-tab.svg]
[www.hospitalitynet.org/manifest.json]
[www.hospitalitynet.org/Hospitality Net]
[www.hospitalitynet.org/news/global.html]
[www.hospitalitynet.org/HN-icon.svg]
[www.hospitalitynet.org/css/hne7c7.css]
[www.hospitalitynet.org/advancedtypeahead7fcb.json]
[www.hospitalitynet.org/me.html]
[www.hospitalitynet.org/list/1-10/all-latest-news.html]
[www.hospitalitynet.org/list/1-10/opinion-articles.html]
[www.hospitalitynet.org/list/1-10/viewpoints.html]
[www.hospitalitynet.org/list/1-10/explainer-series.html]
[www.hospitalitynet.org/list/events.html]
[www.hospitalitynet.org/video/hntv/index.html]
[www.hospitalitynet.org/list/1-10/announcements.html]
[www.hospitalitynet.org/list/1-10/appointments.html]
[www.hospitalitynet.org/list/hotelschools.html]
[www.hospitalitynet.org/hottopic/index.html]
[www.hospitalitynet.org/list/hotel-brands.html]
[www.hospitalitynet.org/list/industry-associations.html]
[www.hospitalitynet.org/list/consultants.html]
[www.hospitalitynet.org/list/architects-designers.html]
[www.hospitalitynet.org/list/suppliers.html]
[www.hospitalitynet.org/contact.html]
[www.hospitalitynet.org/marketplace/index.html]
[www.hospitalitynet.org/event/3005920.html]
[www.hospitalitynet.org/demand/index.html]
[www.hospitalitynet.org/360/index.html]
[www.hospitalitynet.org/opinion/4113354.html]
[www.hospitalitynet.org/mediakit/index.html]
[www.hospitalitynet.org/author/148004118/chekitan-s-dev.html]
[www.hospitalitynet.org/author/148005372/laure-mougeot-stroock.html]
[www.hospitalitynet.org/opinion/4113329.html]
[www.hospitalitynet.org/opinion/4113316.html]
[www.hospitalitynet.org/author/148004219/are-morch.html]
[www.hospitalitynet.org/viewpoint/125000172.html]
[www.hospitalitynet.org/viewpoint/125000171.html]
[www.hospitalitynet.org/hottopic/hybrid-spaces-in-hospitality.html]
[www.hospitalitynet.org/list/1-10/pr/all-latest-news.html]
[www.hospitalitynet.org/summitseries/index.html]
[www.hospitalitynet.org/news/4113357.html]
[www.hospitalitynet.org/organization/17000754/hilton.html]
[www.hospitalitynet.org/list/1-10/food-beverage.html]
[www.hospitalitynet.org/news/4113353.html]
[www.hospitalitynet.org/school/17001174.html]
[www.hospitalitynet.org/list/1-10/hotelschools-universities.html]
[www.hospitalitynet.org/list/1-10/external/all-latest-news.html]
[www.hospitalitynet.org/external/4113352.html]
[www.hospitalitynet.org/search8ddb.html]
[www.hospitalitynet.org/list/1-10/environment-sustainability.html]
[www.hospitalitynet.org/list/1-10/performance/all-latest-news.html]
[www.hospitalitynet.org/news/4113351.html]
[www.hospitalitynet.org/organization/17010817/pricewaterhousecoopers.html]
[www.hospitalitynet.org/list/1-10/markets-performance.html]
[www.hospitalitynet.org/news/4113348.html]
[www.hospitalitynet.org/organization/17006493/langham.html]
[www.hospitalitynet.org/news/4113340.html]
[www.hospitalitynet.org/organization/17005487/global-hotel-alliance-gha.html]
[www.hospitalitynet.org/event/3005942.html]
[www.hospitalitynet.org/event/3005600.html]
[www.hospitalitynet.org/event/3005696.html]
[www.hospitalitynet.org/news/4113350.html]
[www.hospitalitynet.org/organization/17000353/amadeus.html]
[www.hospitalitynet.org/news/4113198.html]
[www.hospitalitynet.org/organization/17011229/cendyna.html]
[www.hospitalitynet.org/news/4113317.html]
[www.hospitalitynet.org/organization/17014503/shiji.html]
[www.hospitalitynet.org/news/4113311.html]
[www.hospitalitynet.org/organization/17017646/cloudbeds.html]
[www.hospitalitynet.org/announcement/41008745/langham-hospitality-group-launches-yinganflo-brand-with-first-property-in-hong-kong.html]
[www.hospitalitynet.org/announcement/41008743/hilton-announces-signing-of-its-first-hilton-garden-inn-property-in-mauritius.html]
[www.hospitalitynet.org/announcement/41008742/ihg-hotels-resorts-opens-first-dual-brand-property-for-avid-hotels-in-suburban-nashville.html]
[www.hospitalitynet.org/appointment/79025131.html]
[www.hospitalitynet.org/appointment/79025130.html]
[www.hospitalitynet.org/appointment/79025124.html]
[www.hospitalitynet.org/appointment/79025129.html]
[www.hospitalitynet.org/appointment/79025128.html]
[www.hospitalitynet.org/appointment/79025127.html]
[www.hospitalitynet.org/about.html]
[www.hospitalitynet.org/terms.html]
[www.hospitalitynet.org/privacy.html]
[www.hospitalitynet.org/js/appwrite.min5704.js]
[www.hospitalitynet.org/js/vue-timeago.min6a72.js]
[cdnjs.cloudflare.com/ajax/libs/moment.js/2.29.1/moment.min.js]
[cdnjs.cloudflare.com/ajax/libs/moment-timezone/0.5.33/moment-timezone-with-data-10-year-range.min.js]
[cdn.jsdelivr.net/npm/vue-awesome-countdown@1.1.4/dist/vue-awesome-countdown.umd.min.js]
[www.hospitalitynet.org/js/hn.min078b.js]
[www.googletagservices.com/tag/js/gpt.js]
[go.hospitalitynet.org/pd.js]
[www.hospitalitynet.org/index.html]
[www.hospitalitynet.org/favicon.svg]
[www.hospitalitynet.org/mask-icon.svg]
[www.hospitalitynet.org/safari-pinned-tab.html]
[www.hospitalitynet.org/Hospitality Net.html]
[www.hospitalitynet.org/news/global.html]
[www.hospitalitynet.org/HN-icon.svg]
[www.hospitalitynet.org/css/hne7c7.css]
[www.hospitalitynet.org/cdn-cgi/challenge-platform/h/g/scripts/alpha/invisible5615.js]
[www.hospitalitynet.org/me/following.html]
[www.hospitalitynet.org/me/index.html]
[www.hospitalitynet.org/me.html]
[www.hospitalitynet.org/me/topics.html]
[www.hospitalitynet.org/list/1-10/HospitalityNet/index.html]
[www.hospitalitynet.org/list/11-20/all-latest-news.html]
[www.hospitalitynet.org/brand/23000028/waldorf-astoria.html]
[www.hospitalitynet.org/brand/23000029/conrad.html]
[www.hospitalitynet.org/brand/23000030/hilton.html]
[www.hospitalitynet.org/search98ae.html]
[www.hospitalitynet.org/list/1-10/opinion/all-latest-news.html]
[www.hospitalitynet.org/school/17005222.html]
[www.hospitalitynet.org/search323b.html]
[www.hospitalitynet.org/list/1-10/revenue-management.html]
[www.hospitalitynet.org/search.93bef4.delayed]
[www.hospitalitynet.org/searchc97d.html]
[www.hospitalitynet.org/searchb008.html]
[www.hospitalitynet.org/search.97061e.delayed]
[www.hospitalitynet.org/search560c.html]
[www.hospitalitynet.org/list/1-10/blockchain-crypto-nft-metaverse.html]
[www.hospitalitynet.org/search.9ac186.delayed]
[www.hospitalitynet.org/announcement/41008745/yingnflo-hong-kong-wan-chai.html]
[www.hospitalitynet.org/announcement/41008745.html]
[www.hospitalitynet.org/brand/23001186/yingnflo.html]
[www.hospitalitynet.org/list/1-10/all-latest-news918b.html]
[www.hospitalitynet.org/announcement/41008744/doubletree-by-hilton-ben-guerir-morocco.html]
[www.hospitalitynet.org/list/1-10/pipeline/all-latest-news.html]
[www.hospitalitynet.org/announcement/41008744.html]
[www.hospitalitynet.org/brand/23000031/doubletree-by-hilton.html]
[www.hospitalitynet.org/list/1-10/all-latest-news517b.html]
[www.hospitalitynet.org/list/1-10/all-latest-news.html]
[www.hospitalitynet.org/cdn-cgi/challenge-platform/h/g/scripts/cb/invisiblec81a.js]
[www.hospitalitynet.org/polybius/index.html]
[www.hospitalitynet.org/list/1-10/opinion/lodging-industry.html]
[www.hospitalitynet.org/searchc4a2.html]
[www.hospitalitynet.org/search.b155cf.delayed]
[www.hospitalitynet.org/organization/17019085/are-morch-digital-transformation-coach.html]
[www.hospitalitynet.org/list/1-10/opinion/digital-marketing.html]
[www.hospitalitynet.org/search0f5c.html]
[www.hospitalitynet.org/opinion/4112651.html]
[www.hospitalitynet.org/author/148002147/larry-and-adam-mogelonsky.html]
[www.hospitalitynet.org/organization/17015152/hotel-mogel-consulting-limited.html]
[www.hospitalitynet.org/list/1-10/opinion/boutique-lifestyle.html]
[www.hospitalitynet.org/list/1-10/opinion/guest-experience.html]
[www.hospitalitynet.org/search344b.html]
[www.hospitalitynet.org/opinion/4113346.html]
[www.hospitalitynet.org/author/148004109/mandeep-s-lamba.html]
[www.hospitalitynet.org/search5ed1.html]
[www.hospitalitynet.org/author/148004110/dipti-mohan.html]
[www.hospitalitynet.org/opinion/4113343.html]
[www.hospitalitynet.org/author/148004606/aaron-belton.html]
[www.hospitalitynet.org/organization/17022687/docmx.html]
[www.hospitalitynet.org/list/1-10/opinion/legal.html]
[www.hospitalitynet.org/list/1-10/opinion/finance-accounting.html]
[www.hospitalitynet.org/search.c868d8.delayed]
[www.hospitalitynet.org/opinion/4113326.html]
[www.hospitalitynet.org/author/148001957/daniel-h-lesser.html]
[www.hospitalitynet.org/organization/17020225/lw-hospitality-advisors-llc-lwha.html]
[www.hospitalitynet.org/list/1-10/opinion/real-estate-investment.html]
[www.hospitalitynet.org/searchc725.html]
[www.hospitalitynet.org/opinion/4113322.html]
[www.hospitalitynet.org/author/148005076/tiana-amann.html]
[www.hospitalitynet.org/organization/17021347/kerten-hospitality.html]
[www.hospitalitynet.org/list/1-10/opinion/events-conferences.html]
[www.hospitalitynet.org/search.d3b3a1.delayed]
[www.hospitalitynet.org/opinion/4113277.html]
[www.hospitalitynet.org/author/148005106/kirk-pederson.html]
[www.hospitalitynet.org/organization/17022513/sightline-hospitality.html]
[www.hospitalitynet.org/list/1-10/opinion/management-companies.html]
[www.hospitalitynet.org/searchfbda.html]
[www.hospitalitynet.org/list/1-10/opinion-articles.html]
[www.hospitalitynet.org/panel/36001932.html]
[www.hospitalitynet.org/author/148003225/scott-dahl.html]
[www.hospitalitynet.org/panel/36001924.html]
[www.hospitalitynet.org/author/148003843/simone-puorto.html]
[www.hospitalitynet.org/viewpoint/125000167.html]
[www.hospitalitynet.org/panel/36001937.html]
[www.hospitalitynet.org/author/148003122/david-lund.html]
[www.hospitalitynet.org/viewpoint/125000169.html]
[www.hospitalitynet.org/panel/36001926.html]
[www.hospitalitynet.org/author/148001871/willy-legrand.html]
[www.hospitalitynet.org/viewpoint/125000170.html]
[www.hospitalitynet.org/viewpoint/125000168.html]
[www.hospitalitynet.org/author/148001045/max-starkov.html]
[www.hospitalitynet.org/viewpoint/125000166.html]
[www.hospitalitynet.org/viewpoint/125000163.html]
[www.hospitalitynet.org/panel/36001923.html]
[www.hospitalitynet.org/panel/index.html]
[www.hospitalitynet.org/panel/panel.jpg]
[www.hospitalitynet.org/list/1-10/viewpoints.html]
[www.hospitalitynet.org/list/11-20/explainer-series.html]
[www.hospitalitynet.org/explainer/4113294.html]
[www.hospitalitynet.org/list/1-10/explainer/explainer-series.html]
[www.hospitalitynet.org/author/.html]
[www.hospitalitynet.org/organization/17022853/axisrooms.html]
[www.hospitalitynet.org/list/1-10/explainer/information-technology.html]
[www.hospitalitynet.org/list/1-10/explainer/crm-loyalty.html]
[www.hospitalitynet.org/search0e43.html]
[www.hospitalitynet.org/explainer/4112961.html]
[www.hospitalitynet.org/organization/17014358/siteminder.html]
[www.hospitalitynet.org/list/1-10/explainer/property-technology.html]
[www.hospitalitynet.org/search60f1.html]
[www.hospitalitynet.org/explainer/4112911.html]
[www.hospitalitynet.org/organization/17022880/duve.html]
[www.hospitalitynet.org/search4af8.html]
[www.hospitalitynet.org/explainer/4112832.html]
[www.hospitalitynet.org/list/1-10/explainer/lodging-industry.html]
[www.hospitalitynet.org/search590d.html]
[www.hospitalitynet.org/explainer/4112441.html]
[www.hospitalitynet.org/search3864.html]
[www.hospitalitynet.org/explainer/4112220.html]
[www.hospitalitynet.org/list/1-10/explainer/revenue-management.html]
[www.hospitalitynet.org/search87de.html]
[www.hospitalitynet.org/explainer/4112442.html]
[www.hospitalitynet.org/organization/17016538/duetto.html]
[www.hospitalitynet.org/search8d15.html]
[www.hospitalitynet.org/explainer/4112219.html]
[www.hospitalitynet.org/searchbbd2.html]
[www.hospitalitynet.org/explainer/4112217.html]
[www.hospitalitynet.org/list/1-10/explainer/education-professional-development.html]
[www.hospitalitynet.org/list/1-10/explainer/hotelschools-universities.html]
[www.hospitalitynet.org/searchcf6c.html]
[www.hospitalitynet.org/explainer/4112069.html]
[www.hospitalitynet.org/search42d7.html]
[www.hospitalitynet.org/list/1-10/explainer-series.html]
[www.hospitalitynet.org/video/hntv/Hospitality Net.html]
[www.hospitalitynet.org/video/hntv/index.html]
[www.hospitalitynet.org/cdn-cgi/challenge-platform/h/g/scripts/cb/invisibledf8e.js]
[www.hospitalitynet.org/video/index.html]
[www.hospitalitynet.org/list/HospitalityNet.html]
[www.hospitalitynet.org/list/1-15/events.html]
[www.hospitalitynet.org/list/16-30/events.html]
[www.hospitalitynet.org/list/1-10/event/events.html]
[www.hospitalitynet.org/organization/17023591/always-thinking.html]
[www.hospitalitynet.org/list/events39da.html]
[www.hospitalitynet.org/list/events45f7.html]
[www.hospitalitynet.org/list/1-10/live/events.html]
[www.hospitalitynet.org/event/3005919.html]
[www.hospitalitynet.org/organization/17016240/hospitality-net.html]
[www.hospitalitynet.org/list/1-10/events/information-technology.html]
[www.hospitalitynet.org/organization/17001235/reed.html]
[www.hospitalitynet.org/list/1-10/events/food-beverage.html]
[www.hospitalitynet.org/list/eventsd745.html]
[www.hospitalitynet.org/list/events2ebd.html]
[www.hospitalitynet.org/organization/17001235/rx.html]
[www.hospitalitynet.org/webinar/3005970.html]
[www.hospitalitynet.org/organization/17020918/aruba-networks.html]
[www.hospitalitynet.org/event/3005791.html]
[www.hospitalitynet.org/list/events174c.html]
[www.hospitalitynet.org/event/3005974.html]
[www.hospitalitynet.org/list/eventse5c7.html]
[www.hospitalitynet.org/event/3005826.html]
[www.hospitalitynet.org/event/3005967.html]
[www.hospitalitynet.org/organization/17005336/hsmai-europe.html]
[www.hospitalitynet.org/webinar/3005962.html]
[www.hospitalitynet.org/webinar/3005988.html]
[www.hospitalitynet.org/organization/17013954/revinate-inc.html]
[www.hospitalitynet.org/list/1-10/events/digital-marketing.html]
[www.hospitalitynet.org/event/3005692.html]
[www.hospitalitynet.org/event/3005900.html]
[www.hospitalitynet.org/list/eventsf4b9.html]
[www.hospitalitynet.org/organization/17013400/cayuga-hospitality-consultants.html]
[www.hospitalitynet.org/list/eventsafe1.html]
[www.hospitalitynet.org/event/3005658.html]
[www.hospitalitynet.org/organization/17001622/phocuswright.html]
[www.hospitalitynet.org/list/events33b4.html]
[www.hospitalitynet.org/list/events.html]
[www.hospitalitynet.org/list/1-10/announcementsc9ec.html]
[www.hospitalitynet.org/list/1-10/announcements4e80.html]
[www.hospitalitynet.org/announcement/41008743/hilton-garden-inn-phoenix-mauritius.html]
[www.hospitalitynet.org/announcement/41008743.html]
[www.hospitalitynet.org/brand/23000033/hilton-garden-inn.html]
[www.hospitalitynet.org/list/1-10/announcements4e20.html]
[www.hospitalitynet.org/announcement/41008742/avid-hotelholiday-inn-suites-mt-juliet-nashville-area.html]
[www.hospitalitynet.org/announcement/41008742.html]
[www.hospitalitynet.org/brand/23000764/avid-hotels.html]
[www.hospitalitynet.org/brand/23000048/holiday-inn.html]
[www.hospitalitynet.org/list/1-10/announcements.html]
[www.hospitalitynet.org/list/1-10/appointments.html]
[www.hospitalitynet.org/hottopic/index.html]
[www.hospitalitynet.org/list/hotelschools.html]
[www.hospitalitynet.org/list/hotel-brands.html]
[www.hospitalitynet.org/list/industry-associations.html]
[www.hospitalitynet.org/list/consultants.html]
[www.hospitalitynet.org/list/architects-designers.html]
[www.hospitalitynet.org/list/suppliers.html]
[www.hospitalitynet.org/marketplace/index.html]
[www.hospitalitynet.org/demand/index.html]
[www.hospitalitynet.org/360/index.html]
[www.hospitalitynet.org/mediakit/index.html]
[www.hospitalitynet.org/contact.html]
[www.hospitalitynet.org/event/3005920.html]
[www.hospitalitynet.org/opinion/4113354.html]
